2025-05-03 00:26:27,778 - INFO - Starting complete scraping process
2025-05-03 00:26:27,780 - INFO - Created output directory: output/universities
2025-05-03 00:26:27,780 - INFO - Created output directory: output/departments
2025-05-03 00:26:27,780 - INFO - Created output directory: output/courses
2025-05-03 00:26:27,780 - INFO - Created output directory: output/course_details
2025-05-03 00:26:27,780 - INFO - Loading universities from /Users/meng/Desktop/tmp/scrap_courses/output/universities/universities.csv
2025-05-03 00:26:27,783 - INFO - Loaded 144 universities from file
2025-05-03 00:26:27,783 - INFO - Loaded 144 universities from file (skipping scraping)
2025-05-03 00:26:27,783 - INFO - Starting to scrape departments for 144 universities
2025-05-03 00:26:27,783 - INFO - Processing university 1/144: snhu
2025-05-03 00:26:27,801 - INFO - Progress saved to output/scraping_progress.json
2025-05-03 00:26:27,802 - INFO - University snhu already processed according to progress tracker, checking for existing data
2025-05-03 00:26:27,802 - INFO - Loaded 60 existing departments for snhu
2025-05-03 00:26:27,803 - INFO - Processing university 2/144: ivytechindianapolis
2025-05-03 00:26:27,812 - INFO - Progress saved to output/scraping_progress.json
2025-05-03 00:26:27,812 - INFO - University ivytechindianapolis already processed according to progress tracker, checking for existing data
2025-05-03 00:26:27,813 - INFO - Loaded 111 existing departments for ivytechindianapolis
2025-05-03 00:26:27,813 - INFO - Processing university 3/144: asu
2025-05-03 00:26:27,821 - INFO - Progress saved to output/scraping_progress.json
2025-05-03 00:26:27,821 - INFO - Starting department scraper for URL: https://www.coursicle.com/asu/courses/
2025-05-03 00:26:31,131 - INFO - WebDriver set up successfully
2025-05-03 00:26:33,796 - INFO - Visited homepage first: https://www.coursicle.com/asu/
2025-05-03 00:26:42,747 - INFO - Navigated to https://www.coursicle.com/asu/courses/
2025-05-03 00:26:49,727 - WARNING - Error during human behavior simulation: empty range in randrange(773, -175)
2025-05-03 00:27:05,159 - WARNING - Timeout waiting for tile container, checking for bot detection
2025-05-03 00:27:10,322 - INFO - No 'More' button found or it's not needed
2025-05-03 00:27:10,340 - INFO - Found 0 department tiles
2025-05-03 00:27:14,752 - WARNING - Error during human behavior simulation: empty range in randrange(773, -175)
2025-05-03 00:27:14,753 - WARNING - No departments found, saving debug information
2025-05-03 00:27:14,754 - ERROR - Error during department scraping: cannot access local variable 'os' where it is not associated with a value
2025-05-03 00:27:14,868 - INFO - Browser closed
2025-05-03 00:27:14,868 - ERROR - Error processing university asu: cannot access local variable 'os' where it is not associated with a value
2025-05-03 00:27:14,868 - INFO - Processing university 4/144: tamu
2025-05-03 00:27:14,874 - INFO - Progress saved to output/scraping_progress.json
2025-05-03 00:27:14,875 - INFO - University tamu already processed according to progress tracker, checking for existing data
2025-05-03 00:27:14,876 - INFO - Loaded 283 existing departments for tamu
2025-05-03 00:27:14,876 - INFO - Processing university 5/144: ucf
2025-05-03 00:27:14,882 - INFO - Progress saved to output/scraping_progress.json
2025-05-03 00:27:14,882 - INFO - University ucf already processed according to progress tracker, checking for existing data
2025-05-03 00:27:14,885 - INFO - Loaded 245 existing departments for ucf
2025-05-03 00:27:14,885 - INFO - Processing university 6/144: ubc
2025-05-03 00:27:14,891 - INFO - Progress saved to output/scraping_progress.json
2025-05-03 00:27:14,891 - INFO - University ubc already processed according to progress tracker, checking for existing data
2025-05-03 00:27:14,892 - INFO - Loaded 253 existing departments for ubc
2025-05-03 00:27:14,892 - INFO - Processing university 7/144: umgc
2025-05-03 00:27:14,898 - INFO - Progress saved to output/scraping_progress.json
2025-05-03 00:27:14,898 - INFO - University umgc already processed according to progress tracker, checking for existing data
2025-05-03 00:27:14,899 - INFO - Loaded 126 existing departments for umgc
2025-05-03 00:27:14,899 - INFO - Processing university 8/144: osu
2025-05-03 00:27:14,905 - INFO - Progress saved to output/scraping_progress.json
2025-05-03 00:27:14,905 - INFO - University osu already processed according to progress tracker, checking for existing data
2025-05-03 00:27:14,907 - INFO - Loaded 247 existing departments for osu
2025-05-03 00:27:14,907 - INFO - Processing university 9/144: mdc
2025-05-03 00:27:14,912 - INFO - Progress saved to output/scraping_progress.json
2025-05-03 00:27:14,913 - INFO - University mdc already processed according to progress tracker, checking for existing data
2025-05-03 00:27:14,915 - INFO - Loaded 214 existing departments for mdc
2025-05-03 00:27:14,915 - INFO - Processing university 10/144: nyu
2025-05-03 00:27:14,920 - INFO - Progress saved to output/scraping_progress.json
2025-05-03 00:27:14,920 - INFO - University nyu already processed according to progress tracker, checking for existing data
2025-05-03 00:27:14,923 - INFO - Loaded 772 existing departments for nyu
2025-05-03 00:27:14,923 - INFO - Processing university 11/144: illinois
2025-05-03 00:27:14,929 - INFO - Progress saved to output/scraping_progress.json
2025-05-03 00:27:14,929 - INFO - University illinois already processed according to progress tracker, checking for existing data
2025-05-03 00:27:14,931 - INFO - Loaded 212 existing departments for illinois
2025-05-03 00:27:14,931 - INFO - Processing university 12/144: mdckendall
2025-05-03 00:27:14,938 - INFO - Progress saved to output/scraping_progress.json
2025-05-03 00:27:14,938 - INFO - University mdckendall already processed according to progress tracker, checking for existing data
2025-05-03 00:27:14,941 - INFO - Loaded 253 existing departments for mdckendall
2025-05-03 00:27:14,941 - INFO - Processing university 13/144: uw
2025-05-03 00:27:14,946 - INFO - Progress saved to output/scraping_progress.json
2025-05-03 00:27:14,946 - INFO - University uw already processed according to progress tracker, checking for existing data
2025-05-03 00:27:14,948 - INFO - Loaded 319 existing departments for uw
2025-05-03 00:27:14,948 - INFO - Processing university 14/144: umn
2025-05-03 00:27:14,954 - INFO - Progress saved to output/scraping_progress.json
2025-05-03 00:27:14,954 - INFO - University umn already processed according to progress tracker, checking for existing data
2025-05-03 00:27:14,957 - INFO - Loaded 339 existing departments for umn
2025-05-03 00:27:14,957 - INFO - Processing university 15/144: ufl
2025-05-03 00:27:14,963 - INFO - Progress saved to output/scraping_progress.json
2025-05-03 00:27:14,963 - INFO - Starting department scraper for URL: https://www.coursicle.com/ufl/courses/
2025-05-03 00:27:16,787 - INFO - WebDriver set up successfully
2025-05-03 00:27:27,285 - INFO - Visited homepage first: https://www.coursicle.com/ufl/
2025-05-03 00:27:36,070 - INFO - Navigated to https://www.coursicle.com/ufl/courses/
2025-05-03 00:27:44,914 - WARNING - Error during human behavior simulation: empty range in randrange(773, -175)
2025-05-03 00:28:00,379 - WARNING - Timeout waiting for tile container, checking for bot detection
2025-05-03 00:28:05,539 - INFO - No 'More' button found or it's not needed
2025-05-03 00:28:05,552 - INFO - Found 0 department tiles
2025-05-03 00:28:10,941 - WARNING - Error during human behavior simulation: empty range in randrange(773, -175)
2025-05-03 00:28:10,942 - WARNING - No departments found, saving debug information
2025-05-03 00:28:10,942 - ERROR - Error during department scraping: cannot access local variable 'os' where it is not associated with a value
2025-05-03 00:28:11,109 - INFO - Browser closed
2025-05-03 00:28:11,109 - ERROR - Error processing university ufl: cannot access local variable 'os' where it is not associated with a value
2025-05-03 00:28:11,109 - INFO - Processing university 16/144: fiu
2025-05-03 00:28:11,119 - INFO - Progress saved to output/scraping_progress.json
2025-05-03 00:28:11,119 - INFO - Starting department scraper for URL: https://www.coursicle.com/fiu/courses/
2025-05-03 00:28:13,137 - INFO - WebDriver set up successfully
2025-05-03 00:28:23,106 - INFO - Visited homepage first: https://www.coursicle.com/fiu/
2025-05-03 00:28:29,428 - INFO - Navigated to https://www.coursicle.com/fiu/courses/
2025-05-03 00:28:36,770 - WARNING - Error during human behavior simulation: empty range in randrange(773, -175)
2025-05-03 00:28:52,188 - WARNING - Timeout waiting for tile container, checking for bot detection
2025-05-03 00:28:57,337 - INFO - No 'More' button found or it's not needed
2025-05-03 00:28:57,346 - INFO - Found 0 department tiles
2025-05-03 00:29:02,262 - WARNING - Error during human behavior simulation: empty range in randrange(773, -175)
2025-05-03 00:29:02,263 - WARNING - No departments found, saving debug information
2025-05-03 00:29:02,266 - ERROR - Error during department scraping: cannot access local variable 'os' where it is not associated with a value
2025-05-03 00:29:02,443 - INFO - Browser closed
2025-05-03 00:29:02,443 - ERROR - Error processing university fiu: cannot access local variable 'os' where it is not associated with a value
2025-05-03 00:29:02,443 - INFO - Processing university 17/144: nvccwoodbridge
2025-05-03 00:29:02,453 - INFO - Progress saved to output/scraping_progress.json
2025-05-03 00:29:02,453 - INFO - University nvccwoodbridge already processed according to progress tracker, checking for existing data
2025-05-03 00:29:02,458 - INFO - Loaded 65 existing departments for nvccwoodbridge
2025-05-03 00:29:02,458 - INFO - Processing university 18/144: utexas
2025-05-03 00:29:02,464 - INFO - Progress saved to output/scraping_progress.json
2025-05-03 00:29:02,464 - INFO - University utexas already processed according to progress tracker, checking for existing data
2025-05-03 00:29:02,465 - INFO - Loaded 249 existing departments for utexas
2025-05-03 00:29:02,465 - INFO - Processing university 19/144: arizona
2025-05-03 00:29:02,471 - INFO - Progress saved to output/scraping_progress.json
2025-05-03 00:29:02,471 - INFO - University arizona already processed according to progress tracker, checking for existing data
2025-05-03 00:29:02,476 - INFO - Loaded 278 existing departments for arizona
2025-05-03 00:29:02,476 - INFO - Processing university 20/144: purdue
2025-05-03 00:29:02,482 - INFO - Progress saved to output/scraping_progress.json
2025-05-03 00:29:02,482 - INFO - University purdue already processed according to progress tracker, checking for existing data
2025-05-03 00:29:02,483 - INFO - Loaded 172 existing departments for purdue
2025-05-03 00:29:02,483 - INFO - Processing university 21/144: umich
2025-05-03 00:29:02,488 - INFO - Progress saved to output/scraping_progress.json
2025-05-03 00:29:02,488 - INFO - University umich already processed according to progress tracker, checking for existing data
2025-05-03 00:29:02,490 - INFO - Loaded 297 existing departments for umich
2025-05-03 00:29:02,490 - INFO - Processing university 22/144: msu
2025-05-03 00:29:02,496 - INFO - Progress saved to output/scraping_progress.json
2025-05-03 00:29:02,496 - INFO - University msu already processed according to progress tracker, checking for existing data
2025-05-03 00:29:02,498 - INFO - Loaded 208 existing departments for msu
2025-05-03 00:29:02,498 - INFO - Processing university 23/144: rutgers
2025-05-03 00:29:02,505 - INFO - Progress saved to output/scraping_progress.json
2025-05-03 00:29:02,505 - INFO - University rutgers already processed according to progress tracker, checking for existing data
2025-05-03 00:29:02,509 - INFO - Loaded 252 existing departments for rutgers
2025-05-03 00:29:02,509 - INFO - Processing university 24/144: psu
2025-05-03 00:29:02,515 - INFO - Progress saved to output/scraping_progress.json
2025-05-03 00:29:02,515 - INFO - University psu already processed according to progress tracker, checking for existing data
2025-05-03 00:29:02,517 - INFO - Loaded 299 existing departments for psu
2025-05-03 00:29:02,517 - INFO - Processing university 25/144: centralhccs
2025-05-03 00:29:02,523 - INFO - Progress saved to output/scraping_progress.json
2025-05-03 00:29:02,524 - INFO - Starting department scraper for URL: https://www.coursicle.com/centralhccs/courses/
2025-05-03 00:29:04,505 - INFO - WebDriver set up successfully
2025-05-03 00:29:05,871 - INFO - Visited homepage first: https://www.coursicle.com/centralhccs/
2025-05-03 00:29:15,506 - INFO - Navigated to https://www.coursicle.com/centralhccs/courses/
2025-05-03 00:29:24,847 - WARNING - Error during human behavior simulation: empty range in randrange(773, -175)
2025-05-03 00:29:40,217 - WARNING - Timeout waiting for tile container, checking for bot detection
2025-05-03 00:29:45,376 - INFO - No 'More' button found or it's not needed
2025-05-03 00:29:45,390 - INFO - Found 0 department tiles
2025-05-03 00:29:53,794 - WARNING - Error during human behavior simulation: empty range in randrange(773, -175)
2025-05-03 00:29:53,796 - WARNING - No departments found, saving debug information
2025-05-03 00:29:53,804 - ERROR - Error during department scraping: cannot access local variable 'os' where it is not associated with a value
2025-05-03 00:29:54,033 - INFO - Browser closed
2025-05-03 00:29:54,033 - ERROR - Error processing university centralhccs: cannot access local variable 'os' where it is not associated with a value
2025-05-03 00:29:54,033 - INFO - Processing university 26/144: wisc
2025-05-03 00:29:54,055 - INFO - Progress saved to output/scraping_progress.json
2025-05-03 00:29:54,055 - INFO - University wisc already processed according to progress tracker, checking for existing data
2025-05-03 00:29:54,068 - INFO - Loaded 189 existing departments for wisc
2025-05-03 00:29:54,068 - INFO - Processing university 27/144: usf
2025-05-03 00:29:54,074 - INFO - Progress saved to output/scraping_progress.json
2025-05-03 00:29:54,074 - INFO - University usf already processed according to progress tracker, checking for existing data
2025-05-03 00:29:54,079 - INFO - Loaded 297 existing departments for usf
2025-05-03 00:29:54,079 - INFO - Processing university 28/144: gatech
2025-05-03 00:29:54,084 - INFO - Progress saved to output/scraping_progress.json
2025-05-03 00:29:54,084 - INFO - University gatech already processed according to progress tracker, checking for existing data
2025-05-03 00:29:54,086 - INFO - Loaded 91 existing departments for gatech
2025-05-03 00:29:54,086 - INFO - Processing university 29/144: indiana
2025-05-03 00:29:54,092 - INFO - Progress saved to output/scraping_progress.json
2025-05-03 00:29:54,092 - INFO - University indiana already processed according to progress tracker, checking for existing data
2025-05-03 00:29:54,103 - INFO - Loaded 585 existing departments for indiana
2025-05-03 00:29:54,103 - INFO - Processing university 30/144: unt
2025-05-03 00:29:54,108 - INFO - Progress saved to output/scraping_progress.json
2025-05-03 00:29:54,108 - INFO - University unt already processed according to progress tracker, checking for existing data
2025-05-03 00:29:54,113 - INFO - Loaded 153 existing departments for unt
2025-05-03 00:29:54,113 - INFO - Processing university 31/144: tccd
2025-05-03 00:29:54,118 - INFO - Progress saved to output/scraping_progress.json
2025-05-03 00:29:54,118 - INFO - University tccd already processed according to progress tracker, checking for existing data
2025-05-03 00:29:54,125 - INFO - Loaded 147 existing departments for tccd
2025-05-03 00:29:54,125 - INFO - Processing university 32/144: usc
2025-05-03 00:29:54,130 - INFO - Progress saved to output/scraping_progress.json
2025-05-03 00:29:54,130 - INFO - University usc already processed according to progress tracker, checking for existing data
2025-05-03 00:29:54,135 - INFO - Loaded 250 existing departments for usc
2025-05-03 00:29:54,135 - INFO - Processing university 33/144: ucla
2025-05-03 00:29:54,140 - INFO - Progress saved to output/scraping_progress.json
2025-05-03 00:29:54,141 - INFO - University ucla already processed according to progress tracker, checking for existing data
2025-05-03 00:29:54,143 - INFO - Loaded 198 existing departments for ucla
2025-05-03 00:29:54,143 - INFO - Processing university 34/144: uh
2025-05-03 00:29:54,149 - INFO - Progress saved to output/scraping_progress.json
2025-05-03 00:29:54,149 - INFO - Starting department scraper for URL: https://www.coursicle.com/uh/courses/
2025-05-03 00:29:56,700 - INFO - WebDriver set up successfully
2025-05-03 00:30:00,160 - INFO - Visited homepage first: https://www.coursicle.com/uh/
2025-05-03 00:30:09,898 - INFO - Navigated to https://www.coursicle.com/uh/courses/
2025-05-03 00:30:18,686 - WARNING - Error during human behavior simulation: empty range in randrange(760, -162)
2025-05-03 00:30:34,135 - WARNING - Timeout waiting for tile container, checking for bot detection
2025-05-03 00:30:39,281 - INFO - No 'More' button found or it's not needed
2025-05-03 00:30:39,293 - INFO - Found 0 department tiles
2025-05-03 00:30:46,570 - WARNING - Error during human behavior simulation: empty range in randrange(760, -162)
2025-05-03 00:30:46,572 - WARNING - No departments found, saving debug information
2025-05-03 00:30:46,573 - ERROR - Error during department scraping: cannot access local variable 'os' where it is not associated with a value
2025-05-03 00:30:46,653 - INFO - Browser closed
2025-05-03 00:30:46,653 - ERROR - Error processing university uh: cannot access local variable 'os' where it is not associated with a value
2025-05-03 00:30:46,653 - INFO - Processing university 35/144: concordiaca
2025-05-03 00:30:46,662 - INFO - Progress saved to output/scraping_progress.json
2025-05-03 00:30:46,662 - INFO - Starting department scraper for URL: https://www.coursicle.com/concordiaca/courses/
2025-05-03 00:30:48,716 - INFO - WebDriver set up successfully
2025-05-03 00:30:52,103 - INFO - Visited homepage first: https://www.coursicle.com/concordiaca/
2025-05-03 00:31:01,393 - INFO - Navigated to https://www.coursicle.com/concordiaca/courses/
2025-05-03 00:31:05,291 - WARNING - Retrying (Retry(total=2, connect=None, read=None, redirect=None, status=None)) after connection broken by 'RemoteDisconnected('Remote end closed connection without response')': /session/a6e07e15bc6aa4f57afd28027bc0c241
2025-05-03 00:31:05,293 - WARNING - Retrying (Retry(total=1, connect=None, read=None, redirect=None, status=None)) after connection broken by 'NewConnectionError('<urllib3.connection.HTTPConnection object at 0x101f028b0>: Failed to establish a new connection: [Errno 61] Connection refused')': /session/a6e07e15bc6aa4f57afd28027bc0c241
2025-05-03 00:31:05,305 - WARNING - Retrying (Retry(total=0, connect=None, read=None, redirect=None, status=None)) after connection broken by 'NewConnectionError('<urllib3.connection.HTTPConnection object at 0x101f02be0>: Failed to establish a new connection: [Errno 61] Connection refused')': /session/a6e07e15bc6aa4f57afd28027bc0c241
2025-05-03 00:31:05,309 - INFO - Browser closed
